branch 'feat/5.21-controls' resolved through 'feat/5.21-controls' to f9359ee32cb5a1eb4eb95ad434bf8655e30c4caf
inventory: 21 controls, 0 accepted in scope, 0 deferred ()
mutation audit: 21 controls, no problems
BASELINE  ZERO_DISCRIMINATION  2399 tests  exit 0  101.2s
TIMEOUT   controls bounded at 1800s  (floor 1800s, 10 x baseline 101.2s)
TEST_FAILURE               S1 the tolerance is applied nowhere                  n=370 ran=2399 22.7s
TEST_FAILURE               S2 the tolerance is twice its declared width         n=2   ran=2399 103.2s
TEST_FAILURE               S3 the family has no bound                           n=2   ran=2399 102.2s
TEST_FAILURE               S4 two retunes estimate a slope                      n=1   ran=2399 101.2s
TEST_FAILURE               S5 an undeclared retune is an observation            n=1   ran=2399 100.4s
TEST_FAILURE               S6 a folded offset is an observation                 n=1   ran=2399 100.9s
TEST_FAILURE               S7 the residuals are not recorded                    n=1   ran=2399 100.8s
TEST_FAILURE               S8 mixing accepts slope minus one                    n=1   ran=2399 101.1s
TEST_FAILURE               S9 the reference class accepts any matched slope     n=1   ran=2399 102.0s
TEST_FAILURE               S10 an unresolved label hides a matched slope        n=1   ran=2399 100.8s
TEST_FAILURE               S11 the fit and the persistence may name two tunings n=1   ran=2399 101.2s
TEST_FAILURE               S12 a captured thermal window is not checked against n=3   ran=2399 101.5s
TEST_FAILURE               S13 the span check uses the usable half-span         n=2   ran=2399 100.7s
TEST_FAILURE               S14 an unmatched slope carries no uncertainty over t n=1   ran=2399 101.5s
TEST_FAILURE               S15 a matched slope predicts by its estimate         n=1   ran=2399 101.8s
TEST_FAILURE               S16 a spur window is not checked against the eligibl n=1   ran=2399 101.1s
TEST_FAILURE               S17 a captured thermal window needs no catalogue     n=1   ran=2399 101.0s
TEST_FAILURE               S18 the residual record is a field no authority decl n=194 ran=2399 83.7s
TEST_FAILURE               S19 the fit drops an observation                     n=1   ran=2399 101.4s
TEST_FAILURE               S20 the intercept is the mean offset                 n=1   ran=2399 101.2s
TEST_FAILURE               S21 a product at an undeclared tuning is placed anyw n=1   ran=2399 102.1s

working tree hash-identical throughout: True
