branch 'feat/5.21-controls-s22' resolved through 'feat/5.21-controls-s22' to edf2c41abaa6878a4e9bc968010a0b89c17a1e0b
inventory: 35 controls, 0 accepted in scope, 0 deferred ()
mutation audit: 35 controls, no problems
BASELINE  ZERO_DISCRIMINATION  2422 tests  exit 0  100.5s
TIMEOUT   controls bounded at 1800s  (floor 1800s, 10 x baseline 100.5s)
TEST_FAILURE               S1 the tolerance is applied nowhere                  n=378 ran=2422 22.2s
TEST_FAILURE               S2 the tolerance is twice its declared width         n=2   ran=2422 101.8s
TEST_FAILURE               S3 the family has no bound                           n=2   ran=2422 101.4s
TEST_FAILURE               S4 two retunes estimate a slope                      n=1   ran=2422 101.5s
TEST_FAILURE               S5 an undeclared retune is an observation            n=1   ran=2422 100.9s
TEST_FAILURE               S6 a folded offset is an observation                 n=1   ran=2422 101.0s
TEST_FAILURE               S7 the residuals are not recorded                    n=1   ran=2422 100.6s
TEST_FAILURE               S8 mixing accepts slope minus one                    n=1   ran=2422 101.0s
TEST_FAILURE               S9 the reference class accepts any matched slope     n=2   ran=2422 101.4s
TEST_FAILURE               S10 an unresolved label hides a matched slope        n=1   ran=2422 100.3s
TEST_FAILURE               S11 the fit and the persistence may name two tunings n=1   ran=2422 100.7s
TEST_FAILURE               S12 a captured thermal window is not checked against n=3   ran=2422 102.0s
TEST_FAILURE               S13 the span check uses the usable half-span         n=2   ran=2422 101.3s
TEST_FAILURE               S14 an unmatched slope carries no uncertainty over t n=1   ran=2422 100.9s
TEST_FAILURE               S15 a matched slope predicts by its estimate         n=1   ran=2422 101.0s
TEST_FAILURE               S16 a spur window is not checked against the eligibl n=1   ran=2422 101.3s
TEST_FAILURE               S17 a captured thermal window needs no catalogue     n=1   ran=2422 100.9s
TEST_FAILURE               S18 the residual record is a field no authority decl n=196 ran=2422 82.9s
TEST_FAILURE               S19 the fit drops an observation                     n=1   ran=2422 100.4s
TEST_FAILURE               S20 the intercept is the mean offset                 n=1   ran=2422 100.8s
TEST_FAILURE               S21 a product at an undeclared tuning is placed anyw n=1   ran=2422 100.9s
TEST_FAILURE               S22 a reference entry needs no harmonic              n=1   ran=2422 100.8s
TEST_FAILURE               S23 a harmonic on any other class is accepted        n=1   ran=2422 100.6s
TEST_FAILURE               S24 the harmonic cap is not applied                  n=2   ran=2422 100.5s
TEST_FAILURE               S25 the comb match is not applied                    n=2   ran=2422 100.9s
TEST_FAILURE               S26 the match window does not grow with the harmonic n=1   ran=2422 100.3s
TEST_FAILURE               S27 at the window is outside it                      n=2   ran=2422 100.7s
TEST_FAILURE               S28 the RF position ignores the anchor               n=376 ran=2422 33.0s
TEST_FAILURE               S29 the catalogue matches no entry against its comb  n=3   ran=2422 101.0s
TEST_FAILURE               S30 the plan accepts a catalogue matched against ano n=1   ran=2422 100.5s
TEST_FAILURE               S31 an anchor at another centre is the declared tuni n=1   ran=2422 100.0s
TEST_FAILURE               S32 an anchor at an undeclared tuning passes the pla n=1   ran=2422 100.7s
TEST_FAILURE               S33 the harmonic cap is a field no authority declare n=196 ran=2422 82.7s
TEST_FAILURE               S34 the RF position is a field no authority declares n=196 ran=2422 83.1s
TEST_FAILURE               S35 an anchor need not be a frequency                n=1   ran=2422 101.0s

working tree hash-identical throughout: True
